> npm run check:architecture

> geoguard@0.1.0 check:architecture
> node --test tests/architecture-standards.test.js tests/ui-design-system.test.js

✔ data modules do not depend on logic or view layers (35.0201ms)
✔ engine modules stay independent from React hooks and view layers (19.6439ms)
✔ React hooks do not depend on UI components or design-system primitives (18.9018ms)
✔ canvas renderer stays drawing-only and does not depend on React UI (21.448ms)
✔ React components do not import runtime engine or hook modules directly (19.0944ms)
✔ screen composition does not bypass hooks by importing engine modules directly (24.1218ms)
✔ Boss phase presentation helpers stay in data instead of canvas (0.9339ms)
✔ primary React UI components consume the shared design system entry points (7.6125ms)
✔ UI surfaces avoid legacy one-off panel class clusters (3.4478ms)
✔ raw button usage stays limited to documented non-command card or segment cases (1.9027ms)
✔ canvas renderer remains independent from React UI primitives (0.8486ms)
ℹ tests 11
ℹ suites 0
ℹ pass 11
ℹ fail 0
ℹ cancelled 0
ℹ skipped 0
ℹ todo 0
ℹ duration_ms 209.3322
