> npm run build

> geoguard@0.1.0 build
> vite build

vite v5.4.11 building for production...
transforming...
Browserslist: browsers data (caniuse-lite) is 6 months old. Please run:
  npx update-browserslist-db@latest
  Why you should do it regularly: https://github.com/browserslist/update-db#readme
✓ 110 modules transformed.
rendering chunks...
[plugin:vite:reporter] [plugin vite:reporter] 
(!) D:/WebProjects/GeoGuard/src/view/art/characters/index.js is dynamically imported by D:/WebProjects/GeoGuard/src/view/art/integration/assetRegistry.js but also statically imported by D:/WebProjects/GeoGuard/src/view/components/ui.jsx, dynamic import will not move module into another chunk.

computing gzip size...
dist/index.html                   0.41 kB │ gzip:   0.30 kB
dist/assets/index-CDZRBYSL.css   26.77 kB │ gzip:   5.70 kB
dist/assets/index-YEhb44Fj.js    24.23 kB │ gzip:   8.78 kB
dist/assets/index-CtG8CRjO.js   728.39 kB │ gzip: 177.89 kB

(!) Some chunks are larger than 500 kB after minification. Consider:
- Using dynamic import() to code-split the application
- Use build.rollupOptions.output.manualChunks to improve chunking: https://rollupjs.org/configuration-options/#output-manualchunks
- Adjust chunk size limit for this warning via build.chunkSizeWarningLimit.
✓ built in 1.74s
