{
  "argv": [
    "scripts/art-validation/final-browser.mjs",
    "--lock",
    "D:\\WebProjects\\GeoGuard\\docs\\art-implementation-2026-10-02\\qa\\submissions\\r04\\candidate-lock.json",
    "--lock-sha",
    "b2ff7e280d52aa49cad9d3fd582cf6bec70adf7f998d0c6d54fcd4d676514a88",
    "--out",
    "D:\\WebProjects\\GeoGuard\\docs\\art-implementation-2026-10-02\\qa\\submissions\\r04\\runs\\function-matrix\\ui-1280x720-dpr1-nonroot",
    "--browser",
    "C:/Users/Administrator/AppData/Local/ms-playwright/chromium_headless_shell-1243/chrome-headless-shell-win64/chrome-headless-shell.exe",
    "--mode",
    "ui",
    "--base",
    "/geoguard-qa/",
    "--width",
    "1280",
    "--height",
    "720",
    "--dpr",
    "1"
  ],
  "exitCode": 0,
  "stdout": "",
  "stderr": "Browserslist: browsers data (caniuse-lite) is 6 months old. Please run:\n  npx update-browserslist-db@latest\n  Why you should do it regularly: https://github.com/browserslist/update-db#readme\n"
}