✔ data modules do not depend on logic or view layers (29.915ms)
✔ engine modules stay independent from React hooks and view layers (20.1306ms)
✔ React hooks do not depend on UI components or design-system primitives (19.2978ms)
✔ canvas renderer stays drawing-only and does not depend on React UI (15.9231ms)
✔ React components do not import runtime engine or hook modules directly (13.0619ms)
✔ screen composition does not bypass hooks by importing engine modules directly (14.0793ms)
✔ Boss phase presentation helpers stay in data instead of canvas (1.9552ms)
✔ boss previews a fixed target before attacking and offers a recovery opening (2.4107ms)
✔ healing cannot undo a boss phase and dead bosses never attack (0.5481ms)
✔ a living attack hazard prevents the next main attack but terrain does not stall combat (0.5744ms)
✔ commander guards protect the boss and breaking them restores damage (1.3209ms)
✔ fortress armor changes to an actual recovery damage opening (0.1825ms)
✔ recovery begins after the attack hazard finishes (0.4152ms)
✔ collector debits only on a successful courier spawn and refunds exactly once (0.4387ms)
✔ escaped courier does not refund; killing its boss recovers pending cargo (0.2693ms)
✔ destroying a frost seal interrupts tower freezing (0.1928ms)
✔ destroyed web cancels its terrain; roots grow within a hard cap and expire with their boss (0.3643ms)
✔ walls preserve a central exit, avoid existing towers and are shootable at 30 Hz (0.4167ms)
✔ marked sacrifice can be stopped before execution and consumed minions grant no loot (0.3382ms)
✔ each twin survivor gains its distinct solo skill only once (0.4489ms)
✔ astrolabe pull affects only in-range entities and stays bounded (0.4447ms)
✔ conductor phrase timings use the active phase beat (0.6404ms)
✔ summoned descendants and structures share the encounter budget (0.4279ms)
✔ breaking a rail reticle cancels targeted tower damage (0.2264ms)
✔ tier one and two do not gain the full boss climax accent (0.0811ms)
✔ boss recovery is a safe contact window and targeting ignores destroyed mechanisms (0.3727ms)
✔ initial tower catalog exposes only the starting blueprints (1.8131ms)
✔ wave definitions map to the authored table and scale on later cycles (0.3923ms)
✔ tower placement is blocked by player, towers, and enemies (0.2694ms)
✔ tower placement evaluation reports insufficient funds and valid world coordinates (0.2133ms)
✔ drag placement helpers build initial drag states (0.1351ms)
✔ drag placement updates entity drags without applying tower validation (0.1221ms)
✔ drag placement commit plans cover cancel, entity, missing, rejected, and valid drops (0.2012ms)
✔ runtime state enables debug wave flow flag separately from normal mode (0.481ms)
✔ wave state helpers build empty and active wave runtime snapshots (0.1164ms)
✔ boss authoring draft can be built and applied back onto a boss template (0.3487ms)
✔ boss authoring draft survives serialize and parse round-trips (0.1185ms)
✔ encounter runtime enriches boss editor templates with authored phase overrides (0.173ms)
✔ encounter runtime creates enemy entities with runtime-only state (0.0915ms)
✔ encounter runtime builds single-boss and twin encounter entities (0.3084ms)
✔ boss hud runtime groups encounters into stable hud view models (0.3176ms)
✔ boss phase presentation data exposes structured phase intent, tone, and counterplay (0.2075ms)
✔ boss phase presentation runtime plans phase announcements and cooldowns (0.2493ms)
✔ boss phase presentation runtime plans visual effect commands (0.4974ms)
✔ entity spawn runtime writes enemies and bosses into state (0.1996ms)
✔ entity spawn runtime applies wave spawn plans (0.1055ms)
✔ boss ability runtime queues command-line hazards through context callbacks (1.3876ms)
✔ boss ability runtime applies steal-money side effects through supplied state (0.1041ms)
✔ audio cue library exposes the core gameplay feedback cues (0.0391ms)
✔ reward follow-up keeps sandbox rewards local but advances normal wave flow (0.0487ms)
✔ wave flow runtime starts waves and builds wave presentation state (0.1638ms)
✔ wave flow runtime applies debug boss authoring when starting debug waves (0.1057ms)
✔ wave tick only auto-runs in normal or debug-wave-flow mode (0.0631ms)
✔ wave tick spawns queued enemies over time and promotes to boss only after the field is clear (0.1196ms)
✔ wave flow runtime advances wave ticks and writes back spawn state (0.1137ms)
✔ wave flow runtime materializes spawn plans with deterministic positions (0.1403ms)
✔ wave tick leaves sandbox idle when auto-run is disabled (0.0388ms)
✔ wave flow runtime keeps sandbox ticks idle when debug wave flow is off (0.0589ms)
✔ reward plan includes a support option when player is under pressure (0.3737ms)
✔ reward history discourages immediately repeating the same upgrade offer (0.2372ms)
✔ picked rewards are recorded separately from offered rewards (0.1274ms)
✔ reward choices materialize into UI-ready unlock, upgrade, and support cards (0.3674ms)
✔ reward application updates catalog, money, and health without mutating unrelated state (0.1866ms)
✔ reward flow runtime opens boss rewards and records offers (0.3215ms)
✔ reward flow runtime applies choices and resolves debug follow-up (0.1301ms)
✔ combat rules resolve player immunity and enemy shielded damage correctly (0.1031ms)
✔ combat rules find area hits and clamp pull distance (0.2584ms)
✔ combat rules detect line hazard hits along segments and endpoints (0.1732ms)
✔ combat frame runtime resolves projectile hits and removes spent projectiles (0.227ms)
✔ combat frame runtime applies area hazards to player and towers (0.2353ms)
✔ combat frame runtime handles drops and transient visual cleanup (0.1988ms)
✔ combat offense runtime fires player projectiles at nearest target (0.1617ms)
✔ combat offense runtime fires tower bursts and removes dead towers (0.2678ms)
✔ combat offense runtime applies frozen and jam fire-rate factors (0.0512ms)
✔ enemy behavior runtime keeps burrowed enemies paused until emergence (0.2787ms)
✔ enemy behavior runtime moves enemies and applies contact damage (0.0835ms)
✔ enemy behavior runtime handles aura healing, summons, and fuse explosions (0.0973ms)
✔ enemy defeat runtime removes normal enemies, drops gems, and spawns death units (0.2262ms)
✔ enemy defeat runtime settles boss rewards immediately when aftermath is clear (0.1465ms)
✔ enemy defeat runtime waits for boss aftermath before opening rewards (0.1238ms)
✔ debug tower runtime unlocks all blueprints without mutating the catalog (0.1146ms)
✔ debug tower runtime creates preset layout towers around the player (0.2814ms)
✔ debug tower runtime updates blueprint and placed tower levels safely (0.3777ms)
✔ debug boss runtime clamps phase targets and derives forced hp (0.1404ms)
✔ debug boss runtime forces active bosses and reports phase shift callbacks (0.2618ms)
✔ debug field runtime clears combat collections and pending rewards (0.1473ms)
✔ debug field runtime builds panel action state plans (0.3498ms)
✔ debug field runtime starts debug wave panel flow after clearing combat state (0.1652ms)
✔ debug field runtime enters sandbox wave state and applies debug options (0.159ms)
✔ debug field runtime builds debug action presentation state (0.1755ms)
✔ tower rules rebuild blueprint stats deterministically by level (0.1318ms)
✔ tower preview summary surfaces the key derived stats (0.1596ms)
✔ boss summon rules cap active minions by owner and category (0.08ms)
✔ boss aftermath checks wait for summoned units and hazards to clear (0.0568ms)
✔ boss reward resolution distinguishes partner enrages, pending aftermath, and reward opens (0.0656ms)
✔ enemy spawn search finds an open slot before falling back to jitter (0.1578ms)
✔ player API starts a normal run without debug resources or hidden wave data (1.9504ms)
✔ observing cannot move time forward and short actions pay the reaction floor (1.3785ms)
✔ building costs actual money and time and a rejected placement is not a free query (2.2602ms)
✔ clipped telegraphs reveal no off-screen endpoints (0.4632ms)
✔ separate sessions reproduce deterministic observations without sharing state (5.291ms)
✔ normal player can die and episode summary is available only afterward (4.8082ms)
✔ primary React UI components consume the shared design system entry points (5.5376ms)
✔ UI surfaces avoid legacy one-off panel class clusters (2.7263ms)
✔ raw button usage stays limited to documented non-command card or segment cases (1.6214ms)
✔ canvas renderer remains independent from React UI primitives (0.6615ms)
ℹ tests 106
ℹ suites 0
ℹ pass 106
ℹ fail 0
ℹ cancelled 0
ℹ skipped 0
ℹ todo 0
ℹ duration_ms 183.5823
