
> geoguard@0.1.0 check:architecture
> node --test tests/architecture-standards.test.js tests/ui-design-system.test.js

✔ data modules do not depend on logic or view layers (21.7441ms)
✔ engine modules stay independent from React hooks and view layers (14.1712ms)
✔ React hooks do not depend on UI components or design-system primitives (14.1944ms)
✔ canvas renderer stays drawing-only and does not depend on React UI (14.2579ms)
✔ React components do not import runtime engine or hook modules directly (14.3945ms)
✔ screen composition does not bypass hooks by importing engine modules directly (15.9587ms)
✔ Boss phase presentation helpers stay in data instead of canvas (0.9174ms)
✔ primary React UI components consume the shared design system entry points (5.1312ms)
✔ UI surfaces avoid legacy one-off panel class clusters (2.6903ms)
✔ raw button usage stays limited to documented non-command card or segment cases (1.9774ms)
✔ canvas renderer remains independent from React UI primitives (0.6954ms)
ℹ tests 11
ℹ suites 0
ℹ pass 11
ℹ fail 0
ℹ cancelled 0
ℹ skipped 0
ℹ todo 0
ℹ duration_ms 160.0173
