Added to .gitignore: !/docs/art-implementation-2026-10-02/qa/submissions/r02/baseline/browser/dist/
> git diff -- .gitignore
diff --git a/.gitignore b/.gitignore
index 3dbf3ab..f57b5cf 100644
--- a/.gitignore
+++ b/.gitignore
@@ -22,3 +22,4 @@ pnpm-debug.log*
 !/docs/art-implementation-2026-10-02/qa/submissions/r03/snapshots/node_modules/baseline/**
 !/docs/art-implementation-2026-10-02/qa/submissions/r03/snapshots/node_modules/candidate/
 !/docs/art-implementation-2026-10-02/qa/submissions/r03/snapshots/node_modules/candidate/**
+!/docs/art-implementation-2026-10-02/qa/submissions/r02/baseline/browser/dist/
Added to .gitignore: /docs/art-implementation-2026-10-02/qa/submissions/r02/baseline/browser/dist/*
> git diff -- .gitignore
diff --git a/.gitignore b/.gitignore
index 3dbf3ab..733e245 100644
--- a/.gitignore
+++ b/.gitignore
@@ -22,3 +22,5 @@ pnpm-debug.log*
 !/docs/art-implementation-2026-10-02/qa/submissions/r03/snapshots/node_modules/baseline/**
 !/docs/art-implementation-2026-10-02/qa/submissions/r03/snapshots/node_modules/candidate/
 !/docs/art-implementation-2026-10-02/qa/submissions/r03/snapshots/node_modules/candidate/**
+!/docs/art-implementation-2026-10-02/qa/submissions/r02/baseline/browser/dist/
+/docs/art-implementation-2026-10-02/qa/submissions/r02/baseline/browser/dist/*
Added to .gitignore: !/docs/art-implementation-2026-10-02/qa/submissions/r02/baseline/browser/dist/assets/
> git diff -- .gitignore
diff --git a/.gitignore b/.gitignore
index 3dbf3ab..c68dc52 100644
--- a/.gitignore
+++ b/.gitignore
@@ -22,3 +22,6 @@ pnpm-debug.log*
 !/docs/art-implementation-2026-10-02/qa/submissions/r03/snapshots/node_modules/baseline/**
 !/docs/art-implementation-2026-10-02/qa/submissions/r03/snapshots/node_modules/candidate/
 !/docs/art-implementation-2026-10-02/qa/submissions/r03/snapshots/node_modules/candidate/**
+!/docs/art-implementation-2026-10-02/qa/submissions/r02/baseline/browser/dist/
+/docs/art-implementation-2026-10-02/qa/submissions/r02/baseline/browser/dist/*
+!/docs/art-implementation-2026-10-02/qa/submissions/r02/baseline/browser/dist/assets/
Added to .gitignore: /docs/art-implementation-2026-10-02/qa/submissions/r02/baseline/browser/dist/assets/*
> git diff -- .gitignore
diff --git a/.gitignore b/.gitignore
index 3dbf3ab..a2cd834 100644
--- a/.gitignore
+++ b/.gitignore
@@ -22,3 +22,7 @@ pnpm-debug.log*
 !/docs/art-implementation-2026-10-02/qa/submissions/r03/snapshots/node_modules/baseline/**
 !/docs/art-implementation-2026-10-02/qa/submissions/r03/snapshots/node_modules/candidate/
 !/docs/art-implementation-2026-10-02/qa/submissions/r03/snapshots/node_modules/candidate/**
+!/docs/art-implementation-2026-10-02/qa/submissions/r02/baseline/browser/dist/
+/docs/art-implementation-2026-10-02/qa/submissions/r02/baseline/browser/dist/*
+!/docs/art-implementation-2026-10-02/qa/submissions/r02/baseline/browser/dist/assets/
+/docs/art-implementation-2026-10-02/qa/submissions/r02/baseline/browser/dist/assets/*
Added to .gitignore: !/docs/art-implementation-2026-10-02/qa/submissions/r02/baseline/browser/dist/index.html
> git diff -- .gitignore
diff --git a/.gitignore b/.gitignore
index 3dbf3ab..b55bd07 100644
--- a/.gitignore
+++ b/.gitignore
@@ -22,3 +22,8 @@ pnpm-debug.log*
 !/docs/art-implementation-2026-10-02/qa/submissions/r03/snapshots/node_modules/baseline/**
 !/docs/art-implementation-2026-10-02/qa/submissions/r03/snapshots/node_modules/candidate/
 !/docs/art-implementation-2026-10-02/qa/submissions/r03/snapshots/node_modules/candidate/**
+!/docs/art-implementation-2026-10-02/qa/submissions/r02/baseline/browser/dist/
+/docs/art-implementation-2026-10-02/qa/submissions/r02/baseline/browser/dist/*
+!/docs/art-implementation-2026-10-02/qa/submissions/r02/baseline/browser/dist/assets/
+/docs/art-implementation-2026-10-02/qa/submissions/r02/baseline/browser/dist/assets/*
+!/docs/art-implementation-2026-10-02/qa/submissions/r02/baseline/browser/dist/index.html
Added to .gitignore: !/docs/art-implementation-2026-10-02/qa/submissions/r02/baseline/browser/dist/assets/index-B0J4iUpn.js
> git diff -- .gitignore
diff --git a/.gitignore b/.gitignore
index 3dbf3ab..82b1f62 100644
--- a/.gitignore
+++ b/.gitignore
@@ -22,3 +22,9 @@ pnpm-debug.log*
 !/docs/art-implementation-2026-10-02/qa/submissions/r03/snapshots/node_modules/baseline/**
 !/docs/art-implementation-2026-10-02/qa/submissions/r03/snapshots/node_modules/candidate/
 !/docs/art-implementation-2026-10-02/qa/submissions/r03/snapshots/node_modules/candidate/**
+!/docs/art-implementation-2026-10-02/qa/submissions/r02/baseline/browser/dist/
+/docs/art-implementation-2026-10-02/qa/submissions/r02/baseline/browser/dist/*
+!/docs/art-implementation-2026-10-02/qa/submissions/r02/baseline/browser/dist/assets/
+/docs/art-implementation-2026-10-02/qa/submissions/r02/baseline/browser/dist/assets/*
+!/docs/art-implementation-2026-10-02/qa/submissions/r02/baseline/browser/dist/index.html
+!/docs/art-implementation-2026-10-02/qa/submissions/r02/baseline/browser/dist/assets/index-B0J4iUpn.js
Added to .gitignore: !/docs/art-implementation-2026-10-02/qa/submissions/r02/baseline/browser/dist/assets/index-CR_GRP5J.css
> git diff -- .gitignore
diff --git a/.gitignore b/.gitignore
index 3dbf3ab..315d417 100644
--- a/.gitignore
+++ b/.gitignore
@@ -22,3 +22,10 @@ pnpm-debug.log*
 !/docs/art-implementation-2026-10-02/qa/submissions/r03/snapshots/node_modules/baseline/**
 !/docs/art-implementation-2026-10-02/qa/submissions/r03/snapshots/node_modules/candidate/
 !/docs/art-implementation-2026-10-02/qa/submissions/r03/snapshots/node_modules/candidate/**
+!/docs/art-implementation-2026-10-02/qa/submissions/r02/baseline/browser/dist/
+/docs/art-implementation-2026-10-02/qa/submissions/r02/baseline/browser/dist/*
+!/docs/art-implementation-2026-10-02/qa/submissions/r02/baseline/browser/dist/assets/
+/docs/art-implementation-2026-10-02/qa/submissions/r02/baseline/browser/dist/assets/*
+!/docs/art-implementation-2026-10-02/qa/submissions/r02/baseline/browser/dist/index.html
+!/docs/art-implementation-2026-10-02/qa/submissions/r02/baseline/browser/dist/assets/index-B0J4iUpn.js
+!/docs/art-implementation-2026-10-02/qa/submissions/r02/baseline/browser/dist/assets/index-CR_GRP5J.css
