✔ data modules do not depend on logic or view layers (26.7017ms)
✔ engine modules stay independent from React hooks and view layers (18.7928ms)
✔ React hooks do not depend on UI components or design-system primitives (19.2452ms)
✔ canvas renderer stays drawing-only and does not depend on React UI (14.1337ms)
✔ React components do not import runtime engine or hook modules directly (12.9647ms)
✔ screen composition does not bypass hooks by importing engine modules directly (13.3995ms)
✔ Boss phase presentation helpers stay in data instead of canvas (0.7439ms)
✔ boss previews a fixed target before attacking and offers a recovery opening (2.0159ms)
✔ healing cannot undo a boss phase and dead bosses never attack (0.2323ms)
✔ a living attack hazard prevents the next main attack but terrain does not stall combat (0.3025ms)
✔ commander guards protect the boss and breaking them restores damage (1.2967ms)
✔ fortress armor changes to an actual recovery damage opening (0.1742ms)
✔ recovery begins after the attack hazard finishes (0.411ms)
✔ collector debits only on a successful courier spawn and refunds exactly once (0.427ms)
✔ escaped courier does not refund; killing its boss recovers pending cargo (0.2584ms)
✔ destroying a frost seal interrupts tower freezing (0.1852ms)
✔ destroyed web cancels its terrain; roots grow within a hard cap and expire with their boss (0.3539ms)
✔ walls preserve a central exit, avoid existing towers and are shootable at 30 Hz (0.419ms)
✔ marked sacrifice can be stopped before execution and consumed minions grant no loot (0.3256ms)
✔ each twin survivor gains its distinct solo skill only once (0.413ms)
✔ astrolabe pull affects only in-range entities and stays bounded (0.3516ms)
✔ conductor phrase timings use the active phase beat (0.7753ms)
✔ summoned descendants and structures share the encounter budget (0.4795ms)
✔ breaking a rail reticle cancels targeted tower damage (0.3041ms)
✔ tier one and two do not gain the full boss climax accent (0.1005ms)
✔ boss recovery is a safe contact window and targeting ignores destroyed mechanisms (0.3395ms)
✔ initial tower catalog exposes only the starting blueprints (1.626ms)
✔ wave definitions map to the authored table and scale on later cycles (0.4073ms)
✔ tower placement is blocked by player, towers, and enemies (0.3582ms)
✔ tower placement evaluation reports insufficient funds and valid world coordinates (0.3069ms)
✔ drag placement helpers build initial drag states (0.1955ms)
✔ drag placement updates entity drags without applying tower validation (0.1643ms)
✔ drag placement commit plans cover cancel, entity, missing, rejected, and valid drops (0.2665ms)
✔ runtime state enables debug wave flow flag separately from normal mode (0.1213ms)
✔ wave state helpers build empty and active wave runtime snapshots (0.1747ms)
✔ boss authoring draft can be built and applied back onto a boss template (0.408ms)
✔ boss authoring draft survives serialize and parse round-trips (0.1334ms)
✔ encounter runtime enriches boss editor templates with authored phase overrides (0.1853ms)
✔ encounter runtime creates enemy entities with runtime-only state (0.08ms)
✔ encounter runtime builds single-boss and twin encounter entities (0.3147ms)
✔ boss hud runtime groups encounters into stable hud view models (0.3519ms)
✔ boss phase presentation data exposes structured phase intent, tone, and counterplay (0.2138ms)
✔ boss phase presentation runtime plans phase announcements and cooldowns (0.2605ms)
✔ boss phase presentation runtime plans visual effect commands (0.5493ms)
✔ entity spawn runtime writes enemies and bosses into state (0.2335ms)
✔ entity spawn runtime applies wave spawn plans (0.112ms)
✔ boss ability runtime queues command-line hazards through context callbacks (1.4456ms)
✔ boss ability runtime applies steal-money side effects through supplied state (0.1076ms)
✔ audio cue library exposes the core gameplay feedback cues (0.0387ms)
✔ reward follow-up keeps sandbox rewards local but advances normal wave flow (0.0523ms)
✔ wave flow runtime starts waves and builds wave presentation state (0.1685ms)
✔ wave flow runtime applies debug boss authoring when starting debug waves (0.094ms)
✔ wave tick only auto-runs in normal or debug-wave-flow mode (0.0427ms)
✔ wave tick spawns queued enemies over time and promotes to boss only after the field is clear (0.1176ms)
✔ wave flow runtime advances wave ticks and writes back spawn state (0.1132ms)
✔ wave flow runtime materializes spawn plans with deterministic positions (0.1451ms)
✔ wave tick leaves sandbox idle when auto-run is disabled (0.038ms)
✔ wave flow runtime keeps sandbox ticks idle when debug wave flow is off (0.0762ms)
✔ reward plan includes a support option when player is under pressure (0.2798ms)
✔ reward history discourages immediately repeating the same upgrade offer (0.2098ms)
✔ picked rewards are recorded separately from offered rewards (0.0452ms)
✔ reward choices materialize into UI-ready unlock, upgrade, and support cards (0.2238ms)
✔ reward application updates catalog, money, and health without mutating unrelated state (0.1558ms)
✔ reward flow runtime opens boss rewards and records offers (0.2137ms)
✔ reward flow runtime applies choices and resolves debug follow-up (0.1068ms)
✔ combat rules resolve player immunity and enemy shielded damage correctly (0.077ms)
✔ combat rules find area hits and clamp pull distance (0.1615ms)
✔ combat rules detect line hazard hits along segments and endpoints (0.1451ms)
✔ combat frame runtime resolves projectile hits and removes spent projectiles (0.216ms)
✔ combat frame runtime applies area hazards to player and towers (0.2073ms)
✔ combat frame runtime handles drops and transient visual cleanup (0.1222ms)
✔ combat offense runtime fires player projectiles at nearest target (0.1212ms)
✔ combat offense runtime fires tower bursts and removes dead towers (0.2038ms)
✔ combat offense runtime applies frozen and jam fire-rate factors (0.0894ms)
✔ enemy behavior runtime keeps burrowed enemies paused until emergence (0.3366ms)
✔ enemy behavior runtime moves enemies and applies contact damage (0.1198ms)
✔ enemy behavior runtime handles aura healing, summons, and fuse explosions (0.1258ms)
✔ enemy defeat runtime removes normal enemies, drops gems, and spawns death units (0.2669ms)
✔ enemy defeat runtime settles boss rewards immediately when aftermath is clear (0.2005ms)
✔ enemy defeat runtime waits for boss aftermath before opening rewards (0.1417ms)
✔ debug tower runtime unlocks all blueprints without mutating the catalog (0.0996ms)
✔ debug tower runtime creates preset layout towers around the player (0.3283ms)
✔ debug tower runtime updates blueprint and placed tower levels safely (0.2388ms)
✔ debug boss runtime clamps phase targets and derives forced hp (0.8926ms)
✔ debug boss runtime forces active bosses and reports phase shift callbacks (0.3283ms)
✔ debug field runtime clears combat collections and pending rewards (0.1258ms)
✔ debug field runtime builds panel action state plans (0.2997ms)
✔ debug field runtime starts debug wave panel flow after clearing combat state (0.159ms)
✔ debug field runtime enters sandbox wave state and applies debug options (0.1279ms)
✔ debug field runtime builds debug action presentation state (0.1548ms)
✔ tower rules rebuild blueprint stats deterministically by level (0.2174ms)
✔ tower preview summary surfaces the key derived stats (0.1236ms)
✔ boss summon rules cap active minions by owner and category (0.0894ms)
✔ boss aftermath checks wait for summoned units and hazards to clear (0.0553ms)
✔ boss reward resolution distinguishes partner enrages, pending aftermath, and reward opens (0.0864ms)
✔ enemy spawn search finds an open slot before falling back to jitter (0.1956ms)
✔ player API starts a normal run without debug resources or hidden wave data (2.0022ms)
✔ observing cannot move time forward and short actions pay the reaction floor (1.3297ms)
✔ building costs actual money and time and a rejected placement is not a free query (2.3413ms)
✔ clipped telegraphs reveal no off-screen endpoints (0.6376ms)
✔ separate sessions reproduce deterministic observations without sharing state (6.7262ms)
✔ normal player can die and episode summary is available only afterward (5.1719ms)
✔ primary React UI components consume the shared design system entry points (5.5933ms)
✔ UI surfaces avoid legacy one-off panel class clusters (2.8706ms)
✔ raw button usage stays limited to documented non-command card or segment cases (1.9918ms)
✔ canvas renderer remains independent from React UI primitives (0.7619ms)
ℹ tests 106
ℹ suites 0
ℹ pass 106
ℹ fail 0
ℹ cancelled 0
ℹ skipped 0
ℹ todo 0
ℹ duration_ms 168.0643
