{
  "argv": [
    "scripts/art-validation/final-browser.mjs",
    "--lock",
    "D:\\WebProjects\\GeoGuard\\docs\\art-implementation-2026-10-02\\qa\\submissions\\r04\\candidate-lock.json",
    "--lock-sha",
    "b2ff7e280d52aa49cad9d3fd582cf6bec70adf7f998d0c6d54fcd4d676514a88",
    "--out",
    "D:\\WebProjects\\GeoGuard\\docs\\art-implementation-2026-10-02\\qa\\submissions\\r04\\runs\\function-matrix\\resources-1280x720-dpr2-root",
    "--browser",
    "C:/Users/Administrator/AppData/Local/ms-playwright/chromium_headless_shell-1243/chrome-headless-shell-win64/chrome-headless-shell.exe",
    "--mode",
    "resources",
    "--base",
    "/",
    "--width",
    "1280",
    "--height",
    "720",
    "--dpr",
    "2"
  ],
  "exitCode": 0,
  "stdout": "",
  "stderr": ""
}