Added to .gitignore: /docs/art-implementation-2026-10-02/**/vite-cache/
> git diff -- .gitignore
diff --git a/.gitignore b/.gitignore
index 1459599..7067985 100644
--- a/.gitignore
+++ b/.gitignore
@@ -11,3 +11,4 @@ pnpm-debug.log*
 /.tmp/
 /get_chrome_cookies.py
 /preview_upload.py
+/docs/art-implementation-2026-10-02/**/vite-cache/
Added to .gitignore: !/docs/art-implementation-2026-10-02/qa/submissions/r02/baseline/node_modules/
> git diff -- .gitignore
diff --git a/.gitignore b/.gitignore
index 1459599..5811783 100644
--- a/.gitignore
+++ b/.gitignore
@@ -11,3 +11,5 @@ pnpm-debug.log*
 /.tmp/
 /get_chrome_cookies.py
 /preview_upload.py
+/docs/art-implementation-2026-10-02/**/vite-cache/
+!/docs/art-implementation-2026-10-02/qa/submissions/r02/baseline/node_modules/
Added to .gitignore: /docs/art-implementation-2026-10-02/qa/submissions/r02/baseline/node_modules/*
> git diff -- .gitignore
diff --git a/.gitignore b/.gitignore
index 1459599..5b6fa65 100644
--- a/.gitignore
+++ b/.gitignore
@@ -11,3 +11,6 @@ pnpm-debug.log*
 /.tmp/
 /get_chrome_cookies.py
 /preview_upload.py
+/docs/art-implementation-2026-10-02/**/vite-cache/
+!/docs/art-implementation-2026-10-02/qa/submissions/r02/baseline/node_modules/
+/docs/art-implementation-2026-10-02/qa/submissions/r02/baseline/node_modules/*
Added to .gitignore: !/docs/art-implementation-2026-10-02/qa/submissions/r02/baseline/node_modules/geoguard-baseline/
> git diff -- .gitignore
diff --git a/.gitignore b/.gitignore
index 1459599..01c8c8c 100644
--- a/.gitignore
+++ b/.gitignore
@@ -11,3 +11,7 @@ pnpm-debug.log*
 /.tmp/
 /get_chrome_cookies.py
 /preview_upload.py
+/docs/art-implementation-2026-10-02/**/vite-cache/
+!/docs/art-implementation-2026-10-02/qa/submissions/r02/baseline/node_modules/
+/docs/art-implementation-2026-10-02/qa/submissions/r02/baseline/node_modules/*
+!/docs/art-implementation-2026-10-02/qa/submissions/r02/baseline/node_modules/geoguard-baseline/
Added to .gitignore: !/docs/art-implementation-2026-10-02/qa/submissions/r02/baseline/node_modules/geoguard-baseline/**
> git diff -- .gitignore
diff --git a/.gitignore b/.gitignore
index 1459599..cac6299 100644
--- a/.gitignore
+++ b/.gitignore
@@ -11,3 +11,8 @@ pnpm-debug.log*
 /.tmp/
 /get_chrome_cookies.py
 /preview_upload.py
+/docs/art-implementation-2026-10-02/**/vite-cache/
+!/docs/art-implementation-2026-10-02/qa/submissions/r02/baseline/node_modules/
+/docs/art-implementation-2026-10-02/qa/submissions/r02/baseline/node_modules/*
+!/docs/art-implementation-2026-10-02/qa/submissions/r02/baseline/node_modules/geoguard-baseline/
+!/docs/art-implementation-2026-10-02/qa/submissions/r02/baseline/node_modules/geoguard-baseline/**
Added to .gitignore: !/docs/art-implementation-2026-10-02/qa/submissions/r03/snapshots/node_modules/
> git diff -- .gitignore
diff --git a/.gitignore b/.gitignore
index 1459599..27769e5 100644
--- a/.gitignore
+++ b/.gitignore
@@ -11,3 +11,9 @@ pnpm-debug.log*
 /.tmp/
 /get_chrome_cookies.py
 /preview_upload.py
+/docs/art-implementation-2026-10-02/**/vite-cache/
+!/docs/art-implementation-2026-10-02/qa/submissions/r02/baseline/node_modules/
+/docs/art-implementation-2026-10-02/qa/submissions/r02/baseline/node_modules/*
+!/docs/art-implementation-2026-10-02/qa/submissions/r02/baseline/node_modules/geoguard-baseline/
+!/docs/art-implementation-2026-10-02/qa/submissions/r02/baseline/node_modules/geoguard-baseline/**
+!/docs/art-implementation-2026-10-02/qa/submissions/r03/snapshots/node_modules/
Added to .gitignore: /docs/art-implementation-2026-10-02/qa/submissions/r03/snapshots/node_modules/*
> git diff -- .gitignore
diff --git a/.gitignore b/.gitignore
index 1459599..1f6b8c5 100644
--- a/.gitignore
+++ b/.gitignore
@@ -11,3 +11,10 @@ pnpm-debug.log*
 /.tmp/
 /get_chrome_cookies.py
 /preview_upload.py
+/docs/art-implementation-2026-10-02/**/vite-cache/
+!/docs/art-implementation-2026-10-02/qa/submissions/r02/baseline/node_modules/
+/docs/art-implementation-2026-10-02/qa/submissions/r02/baseline/node_modules/*
+!/docs/art-implementation-2026-10-02/qa/submissions/r02/baseline/node_modules/geoguard-baseline/
+!/docs/art-implementation-2026-10-02/qa/submissions/r02/baseline/node_modules/geoguard-baseline/**
+!/docs/art-implementation-2026-10-02/qa/submissions/r03/snapshots/node_modules/
+/docs/art-implementation-2026-10-02/qa/submissions/r03/snapshots/node_modules/*
Added to .gitignore: !/docs/art-implementation-2026-10-02/qa/submissions/r03/snapshots/node_modules/baseline/
> git diff -- .gitignore
diff --git a/.gitignore b/.gitignore
index 1459599..afa812c 100644
--- a/.gitignore
+++ b/.gitignore
@@ -11,3 +11,11 @@ pnpm-debug.log*
 /.tmp/
 /get_chrome_cookies.py
 /preview_upload.py
+/docs/art-implementation-2026-10-02/**/vite-cache/
+!/docs/art-implementation-2026-10-02/qa/submissions/r02/baseline/node_modules/
+/docs/art-implementation-2026-10-02/qa/submissions/r02/baseline/node_modules/*
+!/docs/art-implementation-2026-10-02/qa/submissions/r02/baseline/node_modules/geoguard-baseline/
+!/docs/art-implementation-2026-10-02/qa/submissions/r02/baseline/node_modules/geoguard-baseline/**
+!/docs/art-implementation-2026-10-02/qa/submissions/r03/snapshots/node_modules/
+/docs/art-implementation-2026-10-02/qa/submissions/r03/snapshots/node_modules/*
+!/docs/art-implementation-2026-10-02/qa/submissions/r03/snapshots/node_modules/baseline/
Added to .gitignore: !/docs/art-implementation-2026-10-02/qa/submissions/r03/snapshots/node_modules/baseline/**
> git diff -- .gitignore
diff --git a/.gitignore b/.gitignore
index 1459599..e7121a6 100644
--- a/.gitignore
+++ b/.gitignore
@@ -11,3 +11,12 @@ pnpm-debug.log*
 /.tmp/
 /get_chrome_cookies.py
 /preview_upload.py
+/docs/art-implementation-2026-10-02/**/vite-cache/
+!/docs/art-implementation-2026-10-02/qa/submissions/r02/baseline/node_modules/
+/docs/art-implementation-2026-10-02/qa/submissions/r02/baseline/node_modules/*
+!/docs/art-implementation-2026-10-02/qa/submissions/r02/baseline/node_modules/geoguard-baseline/
+!/docs/art-implementation-2026-10-02/qa/submissions/r02/baseline/node_modules/geoguard-baseline/**
+!/docs/art-implementation-2026-10-02/qa/submissions/r03/snapshots/node_modules/
+/docs/art-implementation-2026-10-02/qa/submissions/r03/snapshots/node_modules/*
+!/docs/art-implementation-2026-10-02/qa/submissions/r03/snapshots/node_modules/baseline/
+!/docs/art-implementation-2026-10-02/qa/submissions/r03/snapshots/node_modules/baseline/**
Added to .gitignore: !/docs/art-implementation-2026-10-02/qa/submissions/r03/snapshots/node_modules/candidate/
> git diff -- .gitignore
diff --git a/.gitignore b/.gitignore
index 1459599..c523149 100644
--- a/.gitignore
+++ b/.gitignore
@@ -11,3 +11,13 @@ pnpm-debug.log*
 /.tmp/
 /get_chrome_cookies.py
 /preview_upload.py
+/docs/art-implementation-2026-10-02/**/vite-cache/
+!/docs/art-implementation-2026-10-02/qa/submissions/r02/baseline/node_modules/
+/docs/art-implementation-2026-10-02/qa/submissions/r02/baseline/node_modules/*
+!/docs/art-implementation-2026-10-02/qa/submissions/r02/baseline/node_modules/geoguard-baseline/
+!/docs/art-implementation-2026-10-02/qa/submissions/r02/baseline/node_modules/geoguard-baseline/**
+!/docs/art-implementation-2026-10-02/qa/submissions/r03/snapshots/node_modules/
+/docs/art-implementation-2026-10-02/qa/submissions/r03/snapshots/node_modules/*
+!/docs/art-implementation-2026-10-02/qa/submissions/r03/snapshots/node_modules/baseline/
+!/docs/art-implementation-2026-10-02/qa/submissions/r03/snapshots/node_modules/baseline/**
+!/docs/art-implementation-2026-10-02/qa/submissions/r03/snapshots/node_modules/candidate/
Added to .gitignore: !/docs/art-implementation-2026-10-02/qa/submissions/r03/snapshots/node_modules/candidate/**
> git diff -- .gitignore
diff --git a/.gitignore b/.gitignore
index 1459599..3dbf3ab 100644
--- a/.gitignore
+++ b/.gitignore
@@ -11,3 +11,14 @@ pnpm-debug.log*
 /.tmp/
 /get_chrome_cookies.py
 /preview_upload.py
+/docs/art-implementation-2026-10-02/**/vite-cache/
+!/docs/art-implementation-2026-10-02/qa/submissions/r02/baseline/node_modules/
+/docs/art-implementation-2026-10-02/qa/submissions/r02/baseline/node_modules/*
+!/docs/art-implementation-2026-10-02/qa/submissions/r02/baseline/node_modules/geoguard-baseline/
+!/docs/art-implementation-2026-10-02/qa/submissions/r02/baseline/node_modules/geoguard-baseline/**
+!/docs/art-implementation-2026-10-02/qa/submissions/r03/snapshots/node_modules/
+/docs/art-implementation-2026-10-02/qa/submissions/r03/snapshots/node_modules/*
+!/docs/art-implementation-2026-10-02/qa/submissions/r03/snapshots/node_modules/baseline/
+!/docs/art-implementation-2026-10-02/qa/submissions/r03/snapshots/node_modules/baseline/**
+!/docs/art-implementation-2026-10-02/qa/submissions/r03/snapshots/node_modules/candidate/
+!/docs/art-implementation-2026-10-02/qa/submissions/r03/snapshots/node_modules/candidate/**
