✔ data modules do not depend on logic or view layers (38.5542ms)
✔ engine modules stay independent from React hooks and view layers (47.8844ms)
✔ React hooks do not depend on UI components or design-system primitives (38.9709ms)
✔ canvas renderer stays drawing-only and does not depend on React UI (41.4115ms)
✔ React components do not import runtime engine or hook modules directly (29.7016ms)
✔ screen composition does not bypass hooks by importing engine modules directly (23.8823ms)
✔ Boss phase presentation helpers stay in data instead of canvas (2.0082ms)
✔ QA pins the primary-approved integration packet and every listed contract file (30.9004ms)
✔ QA action sampling ledger must retain exact 48 identities and 375 source action keys (22.5161ms)
✔ EOL-only source classification never exempts token or numeric changes (0.3588ms)
✔ final adapter retains exact approved keys and distinct multi-sample/scale filenames without mutating producer DTOs (199.1723ms)
✔ shared-object check catches nested raw projectiles and Set-held live enemies but accepts copied scalars (0.32ms)
✔ RAF evidence requires real game progression and visible full-duration samples (5.002ms)
✔ unequal actual density suppresses a misleading direct performance regression ratio (2.6691ms)
✔ read-only served instrumentation refuses unknown entry and does not return the live runtime object (0.2294ms)
✔ skill observations cannot certify a pose fixture or merge lifecycle stages across different casts (0.557ms)
✔ art snapshot preserves collision history and maps hit targets without losing gameplay fields (1.6134ms)
✔ art snapshot cannot hide order, hit, damage, timing or position regressions (1.4709ms)
✔ deterministic QA random scope restores global generator on failure and tracks consumption (0.5002ms)
✔ freeze rejects nested DTO writes; snapshots additionally detect Set mutation (0.2943ms)
✔ player control has a speed floor, expires and cannot be refreshed into permanent slow (1.0474ms)
✔ area warnings leave time to exit even when the player is slowed (0.297ms)
✔ solid walls stop movement, gaps remain passable and destroyed walls stop blocking (0.3425ms)
✔ second-generation summons inherit ownership and share a total budget (0.3066ms)
✔ boss previews a fixed target before attacking and offers a recovery opening (3.1092ms)
✔ healing cannot undo a boss phase and dead bosses never attack (0.4028ms)
✔ a living attack hazard prevents the next main attack but terrain does not stall combat (0.5588ms)
✔ commander guards protect the boss and breaking them restores damage (2.0938ms)
✔ fortress armor changes to an actual recovery damage opening (0.3096ms)
✔ recovery begins after the attack hazard finishes (0.7149ms)
✔ collector debits only on a successful courier spawn and refunds exactly once (0.7286ms)
✔ escaped courier does not refund; killing its boss recovers pending cargo (0.4261ms)
✔ destroying a frost seal interrupts tower freezing (0.2865ms)
✔ destroyed web cancels its terrain; roots grow within a hard cap and expire with their boss (0.5359ms)
✔ walls preserve a central exit, avoid existing towers and are shootable at 30 Hz (0.6472ms)
✔ marked sacrifice can be stopped before execution and consumed minions grant no loot (0.4976ms)
✔ each twin survivor gains its distinct solo skill only once (0.6103ms)
✔ astrolabe pull affects only in-range entities and stays bounded (0.5735ms)
✔ conductor phrase timings use the active phase beat (0.7995ms)
✔ summoned descendants and structures share the encounter budget (0.7157ms)
✔ breaking a rail reticle cancels targeted tower damage (0.2941ms)
✔ tier one and two do not gain the full boss climax accent (0.1365ms)
✔ boss recovery is a safe contact window and targeting ignores destroyed mechanisms (0.4149ms)
✔ COMMANDER: all phases execute at 30 and 60 Hz with bounded summons (281.0998ms)
✔ HUNTER: all phases execute at 30 and 60 Hz with bounded summons (264.8027ms)
✔ FORTRESS: all phases execute at 30 and 60 Hz with bounded summons (109.7116ms)
✔ PRISM: all phases execute at 30 and 60 Hz with bounded summons (70.6473ms)
✔ HIVE: all phases execute at 30 and 60 Hz with bounded summons (229.696ms)
✔ FROST_JUDGE: all phases execute at 30 and 60 Hz with bounded summons (49.0875ms)
✔ RAIL_WARLORD: all phases execute at 30 and 60 Hz with bounded summons (34.4911ms)
✔ COLLECTOR: all phases execute at 30 and 60 Hz with bounded summons (122.5462ms)
✔ TWINS: all phases execute at 30 and 60 Hz with bounded summons (107.0742ms)
✔ DRAGON: all phases execute at 30 and 60 Hz with bounded summons (47.6509ms)
✔ SPIDER_MATRIARCH: all phases execute at 30 and 60 Hz with bounded summons (189.4381ms)
✔ ASTROLABE: all phases execute at 30 and 60 Hz with bounded summons (41.1856ms)
✔ BLOOD_FORGE: all phases execute at 30 and 60 Hz with bounded summons (97.8091ms)
✔ VOID_CONDUCTOR: all phases execute at 30 and 60 Hz with bounded summons (91.5477ms)
✔ LABYRINTH_KEEPER: all phases execute at 30 and 60 Hz with bounded summons (91.2014ms)
✔ NIGHTMARE_BLOOM: all phases execute at 30 and 60 Hz with bounded summons (86.3403ms)
✔ fixed seed reproduces the production simulation exactly (42.264ms)
✔ all 34 formal waves instantiate the intended tier and twin encounter (0.8013ms)
✔ all 34 formal encounters clean mechanisms, pay one bounty and open one reward (1.3014ms)
✔ wave boss bounty cannot be collected a second time (1.4779ms)
✔ sandbox high-value gems stay small and preserve pickup value (0.2617ms)
✔ tiered bosses receive authored phases and twin encounters retain tier limits (0.9372ms)
✔ first waves introduce fast and heavy enemies before advanced combinations (0.8315ms)
✔ blueprint rewards fund the stated subsidy (0.6343ms)
✔ initial tower catalog exposes only the starting blueprints (2.4864ms)
✔ wave definitions map to the authored table and scale on later cycles (0.4687ms)
✔ tower placement is blocked by player, towers, and enemies (0.3964ms)
✔ tower placement evaluation reports insufficient funds and valid world coordinates (0.3095ms)
✔ drag placement helpers build initial drag states (0.179ms)
✔ drag placement updates entity drags without applying tower validation (0.1839ms)
✔ drag placement commit plans cover cancel, entity, missing, rejected, and valid drops (0.2999ms)
✔ runtime state enables debug wave flow flag separately from normal mode (0.8543ms)
✔ wave state helpers build empty and active wave runtime snapshots (0.1579ms)
✔ boss authoring draft can be built and applied back onto a boss template (0.538ms)
✔ boss authoring draft survives serialize and parse round-trips (0.2099ms)
✔ encounter runtime enriches boss editor templates with authored phase overrides (0.314ms)
✔ encounter runtime creates enemy entities with runtime-only state (0.2084ms)
✔ encounter runtime builds single-boss and twin encounter entities (0.5418ms)
✔ boss hud runtime groups encounters into stable hud view models (0.5495ms)
✔ boss phase presentation data exposes structured phase intent, tone, and counterplay (0.323ms)
✔ boss phase presentation runtime plans phase announcements and cooldowns (0.3648ms)
✔ boss phase presentation runtime plans visual effect commands (0.8228ms)
✔ entity spawn runtime writes enemies and bosses into state (0.3224ms)
✔ entity spawn runtime applies wave spawn plans (0.1699ms)
✔ boss ability runtime queues command-line hazards through context callbacks (2.3382ms)
✔ boss ability runtime applies steal-money side effects through supplied state (0.2006ms)
✔ audio cue library exposes the core gameplay feedback cues (0.0878ms)
✔ reward follow-up keeps sandbox rewards local but advances normal wave flow (0.1137ms)
✔ wave flow runtime starts waves and builds wave presentation state (0.2962ms)
✔ wave flow runtime applies debug boss authoring when starting debug waves (0.1612ms)
✔ wave tick only auto-runs in normal or debug-wave-flow mode (0.0978ms)
✔ wave tick spawns queued enemies over time and promotes to boss only after the field is clear (0.1965ms)
✔ wave flow runtime advances wave ticks and writes back spawn state (0.2336ms)
✔ wave flow runtime materializes spawn plans with deterministic positions (0.4394ms)
✔ wave tick leaves sandbox idle when auto-run is disabled (0.118ms)
✔ wave flow runtime keeps sandbox ticks idle when debug wave flow is off (0.2347ms)
✔ reward plan includes a support option when player is under pressure (0.6014ms)
✔ reward history discourages immediately repeating the same upgrade offer (0.5093ms)
✔ picked rewards are recorded separately from offered rewards (0.1603ms)
✔ reward choices materialize into UI-ready unlock, upgrade, and support cards (0.4598ms)
✔ reward application updates catalog, money, and health without mutating unrelated state (0.2695ms)
✔ reward flow runtime opens boss rewards and records offers (0.4342ms)
✔ reward flow runtime applies choices and resolves debug follow-up (0.2891ms)
✔ combat rules resolve player immunity and enemy shielded damage correctly (0.1867ms)
✔ combat rules find area hits and clamp pull distance (0.2824ms)
✔ combat rules detect line hazard hits along segments and endpoints (0.2208ms)
✔ combat frame runtime resolves projectile hits and removes spent projectiles (0.4485ms)
✔ combat frame runtime applies area hazards to player and towers (0.4675ms)
✔ combat frame runtime handles drops and transient visual cleanup (0.2977ms)
✔ combat offense runtime fires player projectiles at nearest target (0.1664ms)
✔ combat offense runtime fires tower bursts and removes dead towers (0.3964ms)
✔ combat offense runtime applies frozen and jam fire-rate factors (0.0911ms)
✔ enemy behavior runtime keeps burrowed enemies paused until emergence (0.4882ms)
✔ enemy behavior runtime moves enemies and applies contact damage (0.2134ms)
✔ enemy behavior runtime handles aura healing, summons, and fuse explosions (0.2446ms)
✔ enemy defeat runtime removes normal enemies, drops gems, and spawns death units (0.4432ms)
✔ enemy defeat runtime settles boss rewards immediately when aftermath is clear (0.2999ms)
✔ enemy defeat runtime waits for boss aftermath before opening rewards (0.1596ms)
✔ debug tower runtime unlocks all blueprints without mutating the catalog (0.1319ms)
✔ debug tower runtime creates preset layout towers around the player (1.4325ms)
✔ debug tower runtime updates blueprint and placed tower levels safely (0.3132ms)
✔ debug boss runtime clamps phase targets and derives forced hp (0.116ms)
✔ debug boss runtime forces active bosses and reports phase shift callbacks (0.2283ms)
✔ debug field runtime clears combat collections and pending rewards (0.1383ms)
✔ debug field runtime builds panel action state plans (0.3951ms)
✔ debug field runtime starts debug wave panel flow after clearing combat state (0.1896ms)
✔ debug field runtime enters sandbox wave state and applies debug options (0.1426ms)
✔ debug field runtime builds debug action presentation state (0.173ms)
✔ tower rules rebuild blueprint stats deterministically by level (0.1558ms)
✔ tower preview summary surfaces the key derived stats (0.1558ms)
✔ boss summon rules cap active minions by owner and category (0.0984ms)
✔ boss aftermath checks wait for summoned units and hazards to clear (0.0588ms)
✔ boss reward resolution distinguishes partner enrages, pending aftermath, and reward opens (0.0686ms)
✔ enemy spawn search finds an open slot before falling back to jitter (0.1859ms)
✔ player API starts a normal run without debug resources or hidden wave data (3.9836ms)
✔ observing cannot move time forward and short actions pay the reaction floor (2.9715ms)
✔ building costs actual money and time and a rejected placement is not a free query (3.7925ms)
✔ clipped telegraphs reveal no off-screen endpoints (0.7912ms)
✔ separate sessions reproduce deterministic observations without sharing state (9.9916ms)
✔ normal player can die and episode summary is available only afterward (7.8373ms)
✔ human telemetry correlates operations, economy and wave pressure without changing gameplay state (5.652ms)
✔ bounded records disclose truncation while aggregates survive and death report is frozen (1.3721ms)
✔ enemy removals are distinguished from confirmed defeats and a fresh run resets counters (0.5444ms)
✔ small continuous damage is summed before display rounding (4.9395ms)
✔ primary React UI components consume the shared design system entry points (9.4782ms)
✔ UI surfaces avoid legacy one-off panel class clusters (5.9506ms)
✔ raw button usage stays limited to documented non-command card or segment cases (4.9036ms)
✔ canvas renderer remains independent from React UI primitives (1.1725ms)
ℹ tests 151
ℹ suites 0
ℹ pass 151
ℹ fail 0
ℹ cancelled 0
ℹ skipped 0
ℹ todo 0
ℹ duration_ms 2127.0905
