
> geoguard@0.1.0 check:architecture
> node --test tests/architecture-standards.test.js tests/ui-design-system.test.js

✔ data modules do not depend on logic or view layers (19.8238ms)
✔ engine modules stay independent from React hooks and view layers (12.0835ms)
✔ React hooks do not depend on UI components or design-system primitives (11.72ms)
✔ canvas renderer stays drawing-only and does not depend on React UI (11.2621ms)
✔ React components do not import runtime engine or hook modules directly (10.1451ms)
✔ screen composition does not bypass hooks by importing engine modules directly (11.3206ms)
✔ Boss phase presentation helpers stay in data instead of canvas (0.7656ms)
✔ primary React UI components consume the shared design system entry points (3.9245ms)
✔ UI surfaces avoid legacy one-off panel class clusters (2.5587ms)
✔ raw button usage stays limited to documented non-command card or segment cases (1.6992ms)
✔ canvas renderer remains independent from React UI primitives (0.629ms)
ℹ tests 11
ℹ suites 0
ℹ pass 11
ℹ fail 0
ℹ cancelled 0
ℹ skipped 0
ℹ todo 0
ℹ duration_ms 130.7237
